./enc "examples/hello.en" -o "examples/hello.c"
debug log path: ./log/20250626_110732.log
transpiling 'examples/hello.en' to 'examples/hello.c' (c)
successfully transpiled 'examples/hello.c'

--- api cost summary ---
provider: google, model: gemini-2.5-pro
tokens: 491 input, 148 output, 1178 thinking
estimated cost:
  - input   : $0.000614
  - output  : $0.001480
  - thinking: $0.011780
total: $0.013874
cc "examples/hello.c" -o examples/hello
./examples/hello fnord
hello, fnord!
