../../enc --show-config
{
  "anthropic_api_key": "[REDACTED]",
  "gemini_api_key": "[REDACTED]",
  "hacking_conventions": "./HACKING.md",
  "logs_path": "./log/",
  "model": "gemini-2.5-flash",
  "openai_api_base": "https://api.openai.com/v1",
  "openai_api_key": "[REDACTED]",
  "provider": "google",
  "resources_path": "./res/:${XDG_DATA_HOME}/enc/res/",
  "test_iterations": 3,
  "thinking_budget": 1024,
  "timeout": 1800
}
../../enc "main.en" -o "main.py" --context-files context.txt
debug log path: ./log/20260122_185628.log
transpiling 'main.en' to 'main.py' (python)
calling api (provider: google, model: gemini-2.5-flash)...
api call completed with response code 200 after 3.25s
successfully transpiled 'main.py'

--- api request summary ---
tokens: 411 input, 151 output, 346 thinking
estimated cost:
  - input: $0.000123
  - output: $0.000378
  - thinking: $0.000865
total: $0.001366
elapsed time: 3.25s
python main.py
the answer to the meaning of life, the universe and everything
../../enc --show-config
{
  "anthropic_api_key": "[REDACTED]",
  "gemini_api_key": "[REDACTED]",
  "hacking_conventions": "./HACKING.md",
  "logs_path": "./log/",
  "model": "claude-haiku-4-5-20251001",
  "openai_api_base": "https://api.openai.com/v1",
  "openai_api_key": "[REDACTED]",
  "provider": "anthropic",
  "resources_path": "./res/:${XDG_DATA_HOME}/enc/res/",
  "test_iterations": 3,
  "thinking_budget": 1024,
  "timeout": 1800
}
../../enc "main.en" -o "main.py" --context-files context.txt
debug log path: ./log/20260122_185631.log
transpiling 'main.en' to 'main.py' (python)
calling api (provider: anthropic, model: claude-haiku-4-5-20251001)...
api call completed with response code 200 after 6.13s
successfully transpiled 'main.py'

--- api request summary ---
tokens: 466 input, 755 output, 557 thinking
estimated cost:
  - input: $0.000466
  - output: $0.003775
  - thinking: $0.002785
total: $0.007026
elapsed time: 6.13s
python main.py
the answer to the meaning of life, the universe and everything
../../enc --show-config
{
  "anthropic_api_key": "[REDACTED]",
  "gemini_api_key": "[REDACTED]",
  "hacking_conventions": "./HACKING.md",
  "logs_path": "./log/",
  "model": "gpt-5-nano-2025-08-07",
  "openai_api_base": "https://api.openai.com/v1",
  "openai_api_key": "[REDACTED]",
  "provider": "openai",
  "resources_path": "./res/:${XDG_DATA_HOME}/enc/res/",
  "test_iterations": 3,
  "thinking_budget": 1024,
  "timeout": 1800
}
../../enc "main.en" -o "main.py" --context-files context.txt
debug log path: ./log/20260122_185637.log
transpiling 'main.en' to 'main.py' (python)
calling api (provider: openai, model: gpt-5-nano-2025-08-07)...
api call completed with response code 200 after 22.28s
successfully transpiled 'main.py'

--- api request summary ---
tokens: 401 input, 2734 output, 2560 thinking
estimated cost:
  - input: $0.000020
  - output: $0.001094
  - thinking: $0.001024
total: $0.002138
elapsed time: 22.28s
python main.py
the answer to the meaning of life, the universe and everything
