../../enc "main.en" -o "main.py" --context-files context.txt
debug log path: ./log/20250828_165852.log
provider: google, model: gemini-2.5-flash
transpiling 'main.en' to 'main.py' (python)
successfully transpiled 'main.py'

--- api cost summary ---
tokens: 394 input, 153 output, 543 thinking
estimated cost:
  - input   : $0.000118
  - output  : $0.000383
  - thinking: $0.001358
total: $0.001858
../../enc --show-config
{
  "anthropic_api_key": "[REDACTED]",
  "context_files": [],
  "gemini_api_key": "[REDACTED]",
  "hacking_conventions": "./HACKING.md",
  "input_file": "",
  "logs_path": "./log/",
  "max_tokens": null,
  "model": "gemini-2.5-flash",
  "openai_api_base": "http://localhost:7860/v1",
  "openai_api_key": "[REDACTED]",
  "output_file": "",
  "provider": "google",
  "resources_path": [
    "./res/",
    "${XDG_DATA_HOME}/enc/res/"
  ],
  "seed": 9058229608448401824,
  "thinking_budget": 1024,
  "timeout": 1800,
  "user_provided_seed": false
}
python main.py
the answer to the meaning of life, the universe and everything
../../enc "main.en" -o "main.py" --context-files context.txt
debug log path: ./log/20250828_165856.log
provider: anthropic, model: claude-sonnet-4-20250514
transpiling 'main.en' to 'main.py' (python)
successfully transpiled 'main.py'

--- api cost summary ---
tokens: 419 input, 190 output, 0 thinking
estimated cost:
  - input   : $0.001257
  - output  : $0.002850
  - thinking: $0.000000
total: $0.004107
../../enc --show-config
{
  "anthropic_api_key": "[REDACTED]",
  "context_files": [],
  "gemini_api_key": "[REDACTED]",
  "hacking_conventions": "./HACKING.md",
  "input_file": "",
  "logs_path": "./log/",
  "max_tokens": null,
  "model": "claude-sonnet-4-20250514",
  "openai_api_base": "http://localhost:7860/v1",
  "openai_api_key": "[REDACTED]",
  "output_file": "",
  "provider": "anthropic",
  "resources_path": [
    "./res/",
    "${XDG_DATA_HOME}/enc/res/"
  ],
  "seed": 2215849445985263919,
  "thinking_budget": 1024,
  "timeout": 1800,
  "user_provided_seed": false
}
python main.py
the answer to the meaning of life, the universe and everything
